// Jest Snapshot v1, https://goo.gl/fbAQLP

exports[`Formatting should format with defaults 1`] = `"6/23/2017"`;

exports[`Formatting should format with options 1`] = `"6/23/2017 6:00 am"`;

exports[`Formatting should format with options 2`] = `"Jun 23, 2017 6:00 am"`;

exports[`Formatting should format with options 3`] = `"June 23, 2017 6:00 am"`;

exports[`Formatting should use a custom date format 1`] = `"June_23_2017_6_00_am"`;
